dob: datetime .
friends: uid .
name: string .
scores: int .
